<html>
<body>
<pre>
<h1>µVision Build Log</h1>
<h2>Tool Versions:</h2>
IDE-Version: ¦ÌVision V5.36.0.0
Copyright (C) 2021 ARM Ltd and ARM Germany GmbH. All rights reserved.
License Information: Y 20220312, S, LIC=GMZI6-D674X-MM19I-T56WL-QL62H-WNC8W
 
Tool Versions:
Toolchain:       MDK-ARM Plus  Version: 5.36.0.0
Toolchain Path:  D:\Keil_v5\ARM\ARMCC\Bin
C Compiler:      Armcc.exe V5.06 update 7 (build 960)
Assembler:       Armasm.exe V5.06 update 7 (build 960)
Linker/Locator:  ArmLink.exe V5.06 update 7 (build 960)
Library Manager: ArmAr.exe V5.06 update 7 (build 960)
Hex Converter:   FromElf.exe V5.06 update 7 (build 960)
CPU DLL:         SARMCM3.DLL V5.36.0.0
Dialog DLL:      DCM.DLL V1.17.3.0
Target DLL:      UL2CM3.DLL V1.164.0.0
Dialog DLL:      TCM.DLL V1.53.0.0
 
<h2>Project:</h2>
F:\workspace\production_board\version\os\keil\FreeRTOS_GD32F303CCT6.uvprojx
Project File Date:  04/02/2022

<h2>Output:</h2>
*** Using Compiler 'V5.06 update 7 (build 960)', folder: 'D:\Keil_v5\ARM\ARMCC\Bin'
Build target 'FreeRTOS_GD32F303'
compiling bsp_rtc.c...
..\..\..\GD32F303\code\sys_bsp\bsp_rtc.c(87): warning:  #177-D: variable "s"  was declared but never referenced
      register long       s;
..\..\..\GD32F303\code\sys_bsp\bsp_rtc.c: 1 warning, 0 errors
linking...
Program Size: Code=22556 RO-data=336 RW-data=280 ZI-data=45872  
FromELF: creating hex file...
".\Obj\GD32F303.axf" - 0 Error(s), 1 Warning(s).

<h2>Software Packages used:</h2>

Package Vendor: ARM
                http://www.keil.com/pack/ARM.CMSIS.5.8.0.pack
                ARM.CMSIS.5.8.0
                CMSIS (Common Microcontroller Software Interface Standard)
   * Component: CORE Version: 5.5.0

Package Vendor: GigaDevice
                http://gd32mcu.com/data/documents/pack/GigaDevice.GD32F30x_DFP.2.1.0.pack
                GigaDevice.GD32F30x_DFP.2.1.0
                GigaDevice GD32F30x Series Device Support and Examples

<h2>Collection of Component include folders:</h2>
  .\RTE\_FreeRTOS_GD32F303
  D:\Keil_v5_Packs\ARM\CMSIS\5.8.0\CMSIS\Core\Include
  D:\Keil_v5_Packs\GigaDevice\GD32F30x_DFP\2.1.0\Device\Include

<h2>Collection of Component Files used:</h2>

   * Component: ARM::CMSIS:CORE:5.5.0
Build Time Elapsed:  00:00:02
</pre>
</body>
</html>
