<html>
<body>
<pre>
<h1>µVision Build Log</h1>
<h2>Tool Versions:</h2>
IDE-Version: ¦ÌVision V5.36.0.0
Copyright (C) 2021 ARM Ltd and ARM Germany GmbH. All rights reserved.
License Information: Y 20220312, S, LIC=GMZI6-D674X-MM19I-T56WL-QL62H-WNC8W
 
Tool Versions:
Toolchain:       MDK-ARM Plus  Version: 5.36.0.0
Toolchain Path:  D:\Keil_v5\ARM\ARMCC\Bin
C Compiler:      Armcc.exe V5.06 update 7 (build 960)
Assembler:       Armasm.exe V5.06 update 7 (build 960)
Linker/Locator:  ArmLink.exe V5.06 update 7 (build 960)
Library Manager: ArmAr.exe V5.06 update 7 (build 960)
Hex Converter:   FromElf.exe V5.06 update 7 (build 960)
CPU DLL:         SARMCM3.DLL V5.36.0.0
Dialog DLL:      DCM.DLL V1.17.3.0
Target DLL:      Segger\JL2CM3.dll V2.99.40.0
Dialog DLL:      TCM.DLL V1.53.0.0
 
<h2>Project:</h2>
F:\workspace\production_board\version\os\keil\FreeRTOS_GD32F303CCT6.uvprojx
Project File Date:  04/03/2022

<h2>Output:</h2>
*** Using Compiler 'V5.06 update 7 (build 960)', folder: 'D:\Keil_v5\ARM\ARMCC\Bin'
Build target 'FreeRTOS_GD32F303'
compiling main.c...
..\code\sys_app\main.h(22): warning:  #1-D: last line of file ends without a newline
  extern int32_t sta;
..\code\sys_app\main.c(107): warning:  #174-D: expression has no effect
    if(pdPASS == xReturn)NULL;
..\code\sys_app\main.c(127): warning:  #223-D: function "remote1_scan" declared implicitly
  				key = remote1_scan();
..\code\sys_app\main.c(179): warning:  #223-D: function "disp_refresh_task" declared implicitly
      disp_refresh_task();
..\code\sys_app\main.c: 4 warnings, 0 errors
linking...
Program Size: Code=25296 RO-data=336 RW-data=276 ZI-data=45876  
FromELF: creating hex file...
".\Obj\GD32F303.axf" - 0 Error(s), 4 Warning(s).

<h2>Software Packages used:</h2>

Package Vendor: ARM
                http://www.keil.com/pack/ARM.CMSIS.5.8.0.pack
                ARM.CMSIS.5.8.0
                CMSIS (Common Microcontroller Software Interface Standard)
   * Component: CORE Version: 5.5.0

Package Vendor: GigaDevice
                http://gd32mcu.com/data/documents/pack/GigaDevice.GD32F30x_DFP.2.1.0.pack
                GigaDevice.GD32F30x_DFP.2.1.0
                GigaDevice GD32F30x Series Device Support and Examples

<h2>Collection of Component include folders:</h2>
  .\RTE\_FreeRTOS_GD32F303
  D:\Keil_v5_Packs\ARM\CMSIS\5.8.0\CMSIS\Core\Include
  D:\Keil_v5_Packs\GigaDevice\GD32F30x_DFP\2.1.0\Device\Include

<h2>Collection of Component Files used:</h2>

   * Component: ARM::CMSIS:CORE:5.5.0
Build Time Elapsed:  00:00:03
</pre>
</body>
</html>
